ok      configuration <tree>/doctor.yaml parses, 19 key(s) set, the rest at their defaults
       mode                         OBSERVE                  (<tree>/doctor.yaml:3)
       project_id                   orders                   (<tree>/doctor.yaml:4)
       tenant_id                    acme                     (<tree>/doctor.yaml:5)
       environment                  dev                      (<tree>/doctor.yaml:6)
       log.level                    info                     (default)
       listener.kind                stateless_http           (<tree>/doctor.yaml:9)
       listener.address             127.0.0.1:8080           (<tree>/doctor.yaml:10)
       listener.principal.id        agent-runner             (<tree>/doctor.yaml:14)
       listener.principal.type      service                  (default)
       listener.principal.tenant_id                          (default)
       listener.agent.id            orders-assistant         (<tree>/doctor.yaml:16)
       listener.agent.framework     example                  (<tree>/doctor.yaml:17)
       listener.agent.version                                (default)
       health.address               127.0.0.1:8081           (default)
       policy.bundle_id             gateway-fixture          (<tree>/doctor.yaml:20)
       policy.bundle_file           policy.bundle            (<tree>/doctor.yaml:21)
       policy.key_id                k1                       (<tree>/doctor.yaml:22)
       policy.public_key            6kpsY+KcUgq+9VB7Ey7F+ZVHdq6+vnuSQh7qaRRG0iw= (<tree>/doctor.yaml:23)
       policy.max_stale             10m0s                    (default)
       policy.fail_open_read        false                    (default)
       pdp.identifier                                        (default)
       pdp.evaluation_endpoint                               (default)
       pdp.timeout                  100ms                    (default)
       pdp.max_in_flight            16                       (default)
       pdp.allow_plaintext          false                    (default)
       pdp.proxy                                             (default)
       approvals.provider           memory                   (default)
       approvals.dir                                         (default)
       approvals.hold_journal_dir                            (default)
       approvals.ttl                15m0s                    (default)
       approvals.retry_after        30s                      (default)
       approvals.max_held           128                      (default)
       approvals.max_open           256                      (default)
       approvals.max_records        1024                     (default)
       approvals.max_record_bytes   16384                    (default)
       approvals.reconcile_max      256                      (default)
       pause.file                                            (default)
       pause.poll_interval          1s                       (default)
       flow.max_runs                64                       (default)
       evidence.dir                 spool                    (<tree>/doctor.yaml:26)
       evidence.max_bytes           1073741824               (default)
       evidence.segment_bytes       67108864                 (default)
       evidence.closing_reserve     65536                    (default)
       evidence.fsync               every_record             (default)
       evidence.fsync_interval      0s                       (default)
       evidence.on_unwritable       block                    (default)
       export.endpoint              http://127.0.0.1:4318/v1/logs (<tree>/doctor.yaml:29)
       export.allow_plaintext       true                     (<tree>/doctor.yaml:30)
       export.timeout               10s                      (default)
       export.in_flight             4                        (default)
       export.max_batch             128                      (default)
       export.linger                100ms                    (default)
       export.backoff               500ms                    (default)
       export.max_backoff           30s                      (default)
       list.shaping                 none                     (default)
       list.ttl                     1m0s                     (default)
       upstream.call_timeout        30s                      (default)
       upstream.list_timeout        10s                      (default)
       listener.origins.0           http://localhost:5173
       upstreams.0                  orders -> http://127.0.0.1:1/mcp
ok      mode          OBSERVE needs observe_request, observe_result from the adapter; list shaping none
ok      policy        bundle gateway-fixture version 2026-09-20.1 serial 1 verifies under key k1, digest sha256:0766ec8e242e7e98c0b9a2513c830762cbae6b3dbd1bffba33f2cf59b74d9e1e, staleness budget 10m0s
ok      evidence      <tree>/spool locks and is writable; 0 segment(s), 0 byte(s) unacknowledged, 0 reserved, 0 quarantined; on_unwritable block
ok      approvals     held requests are kept in process memory under the memory provider: nothing outside this process answers one, and a hold lost to a restart is never closed
ok      pause         disabled: pause.file is not set, so no call can be paused without a restart
ok      export        OTLP/HTTP JSON logs to http://127.0.0.1:4318/v1/logs, 0 header(s), at most 128 record(s) per request, 4 in flight
ok      seams         the mcp adapter declares observe_request, observe_result, block, see_resource_ids, which covers what OBSERVE needs; at most 128 held and 256 open, an approval lasts 15m0s and a retry is asked for after 30s
unknown upstreams     not every upstream answered: <reason>
